06/01/2025 16:02, Login, Nguyễn Văn An, , , , Đăng nhập thành công
06/01/2025 16:12, Logout, Nguyễn Văn An, , , , Đăng xuất thành công
06/01/2025 16:12, Login, Trần Thị Bình, , , , Đăng nhập thành công
06/01/2025 16:14, Logout, Trần Thị Bình, , , , Đăng xuất thành công
06/01/2025 16:14, Login, Nguyễn Văn An, , , , Đăng nhập thành công
06/01/2025 16:14, Logout, Nguyễn Văn An, , , , Đăng xuất thành công
06/01/2025 16:14, Login, Trần Thị Bình, , , , Đăng nhập thành công
06/01/2025 16:16, Logout, Trần Thị Bình, , , , Đăng xuất thành công
06/01/2025 16:17, Login, Nguyễn Văn An, , , , Đăng nhập thành công
06/01/2025 16:17, Logout, Nguyễn Văn An, , , , Đăng xuất thành công
06/01/2025 16:17, Login, Trầm Thanh Thảo, , , , Đăng nhập thành công
06/01/2025 16:18, Logout, Trầm Thanh Thảo, , , , Đăng xuất thành công
06/01/2025 16:18, Login, Trần Thị Bình, , , , Đăng nhập thành công
06/01/2025 16:22, Logout, Trần Thị Bình, , , , Đăng xuất thành công
06/01/2025 16:23, Login, Nguyễn Văn An, , , , Đăng nhập thành công
06/01/2025 16:23, Logout, Nguyễn Văn An, , , , Đăng xuất thành công
06/01/2025 16:23, Login, Lê Minh Công, , , , Đăng nhập thành công
06/01/2025 16:24, Logout, Lê Minh Công, , , , Đăng xuất thành công
06/01/2025 16:24, Login, Nguyễn Văn An, , , , Đăng nhập thành công
06/01/2025 16:41, Logout, Nguyễn Văn An, , , , Đăng xuất thành công
06/01/2025 16:41, Login, Phạm Bích Hòa, , , , Đăng nhập thành công
06/01/2025 16:46, Logout, Phạm Bích Hòa, , , , Đăng xuất thành công
06/01/2025 16:46, Login, Phạm Bích Hòa, , , , Đăng nhập thành công
06/01/2025 16:46, Logout, Phạm Bích Hòa, , , , Đăng xuất thành công
06/01/2025 16:46, Login, Nguyễn Văn An, , , , Đăng nhập thành công
